╭──Validity Range────────────────────────────────────────────────────────╮
│                                                                        │
│ How long should the keys be valid for?                                 │
│                                                                        │
│ Duration in days:                                                      │
│ > Length of time (default: 30 days)                                    │
│                                                                        │
╰──────────────────────────────────────────────────( (s)witch range )────╯