╭──Key Information──────────────╮
│                               │
│ Account: ABC                  │
│ Participation ID: 123         │
│                               │
│ Vote Key: VEVTVEtFWQ==        │
│ Selection Key: VEVTVEtFWQ==   │
│ State Proof Key: VEVTVEtFWQ== │
│                               │
│ Vote First Valid: 0           │
│ Vote Last Valid: 30000        │
│ Vote Key Dilution: 100        │
│                               │
╰───────────────────────────────╯