╭──Register Online╮
│                 │
│ No key selected │
│                 │
╰─────────────────╯