╭──Error───────────────╮
│                      │
│ Something went wrong │
│                      │
╰───────────( esc )────╯