╭──Generate Consensus Participation Keys─────────────────────────────────╮
│                                                                        │
│ Create keys required to participate in Algorand consensus.             │
│                                                                        │
│ Account address:                                                       │
│ > Wallet Address                                                       │
│                                                                        │
╰───────────────────────────────────────────────────( esc to cancel )────╯