╭──Generating Keys───────────────────────────────────────────────────────╮
│                                                                        │
│ Generating Participation Keys...                                       │
│                                                                        │
│ Please wait. This operation can take a few minutes.                    │
│                                                                        │
╰────────────────────────────────────────────────────────────────────────╯