╭──Delete Key─────╮
│ No key selected │
╰─────────────────╯