╭──Register Offline──────────────────────────────────────────╮
│                                                            │
│  Sign this transaction to register your account as offline │
│                                                            │
│   Note: this will take effect after 320 rounds (~15 min.)  │
│ Please keep your node running during this cooldown period. │
│                                                            │
│               Open this URL in your browser:               │
│                                                            │
│                 https://b.nodekit.run/1234                 │
│                                                            │
╰───────────────────────────( (s)how QR | (esc) go back )────╯