╭──Keys────────────────────────────────────────────────────────────────────────╮
│ ID             Address        Active         Last Vote      Last Block P…    │
│───────────────────────────────────────────────────────────────────────────   │
│ 123            ABC            N/A            N/A            N/A              │
│ 1234           ABC            N/A            N/A            N/A              │
│                                                                              │
│                                                                              │
│                                                                              │
│                                                                              │
│                                                                              │
│                                                                              │
│                                                                              │
│                                                                              │
│                                                                              │
│                                                                              │
│                                                                              │
│                                                                              │
│                                                                              │
│                                                                              │
│                                                                              │
│                                                                              │
│                                                                              │
│                                                                              │
│                                                                              │
│                                                                              │
│                                                                              │
│                                                                              │
│                                                                              │
│                                                                              │
│                                                                              │
│                                                                              │
│                                                                              │
│                                                                              │
│                                                                              │
│                                                                              │
│                                                                              │
│                                                                              │
│                                                                              │
╰────( (g)enerate | (enter) to select | (esc) to go| <- | accounts | keys |────╯