╭──Key Information╮
│ No key selected │
╰─────────────────╯